---
source: tests/runtime_cli_snapshots.rs
expression: response
---
{
  "output": {
    "md": "0 blocker choices total. Counts by kind: (none)\n\nIndex | Kind             | Object\n------|------------------|--------------------------------\n\nFull structured blocker data (with the fingerprint-encoded `id`\nfield that you must echo back verbatim if you select a blocker)\nlives at: {context_json_path}\n\nList every blocker `id`:\n\n  jq -r '.review_blocker_choices[].id' {context_json_path}\n\nRead one full blocker by index:\n\n  jq '.review_blocker_choices[N]' {context_json_path}",
    "sidecar_payload": null
  },
  "status": "review_blocker_choices_block_ok"
}
